PHP Warning: Module "mysqli" is already loaded in Unknown on line 0
{"tool":"phpunit","result":"failed","tests":1,"passed":0,"assertions":0,"duration_ms":695,"errors":1,"error_details":[{"test":"Tests\\Feature\\PostLikeTest::test_user_can_toggle_like_on_post","file":"C:\\Users\\yassi\\Desktop\\UNI\\PHP 3awtani\\CTRL\\UpfConnect-\\tests\\Feature\\PostLikeTest.php","line":14,"message":"could not find driver (Connection: sqlite, Database: :memory:, SQL: select exists (select 1 from \"main\".sqlite_master where name = 'migrations' and type = 'table') as \"exists\")"}]}
